 gcc -g p12original.c -lm
gcc: error: p12original.c: No such file or directory
 gcc -g p1original.c -lm 
 gdb ./a.out
GNU gdb (Ubuntu 8.1.1-0ubuntu1) 8.1.1
Copyright (C) 2018 Free Software Foundation, Inc.
License GPLv3+: GNU GPL version 3 or later <http://gnu.org/licenses/gpl.html>
This is free software: you are free to change and redistribute it.
There is NO WARRANTY, to the extent permitted by law.  Type "show copying"
and "show warranty" for details.
This GDB was configured as "x86_64-linux-gnu".
Type "show configuration" for configuration details.
For bug reporting instructions, please see:
<http://www.gnu.org/software/gdb/bugs/>.
Find the GDB manual and other documentation resources online at:
<http://www.gnu.org/software/gdb/documentation/>.
For help, type "help".
Type "apropos word" to search for commands related to "word"...
Reading symbols from ./a.out...done.
(gdb) b main
Breakpoint 1 at 0x911: file p1original.c, line 24.
(gdb) r
Starting program: /home/runner/Test2Session1/a.out 
warning: Error disabling address space randomization: Operation not permitted

Breakpoint 1, main () at p1original.c:24
24  {
(gdb) n
26    input(&x1,&y1,&x2,&y2);
(gdb) s
input (x1=0x7fff48289084, y1=0x7fff48289088, 
    x2=0x7fff4828908c, y2=0x7fff48289090)
    at p1original.c:5
5     printf("enter the x coordinate of first point:");
(gdb) n
6     scanf("%f",x1);
(gdb) n
enter the x coordinate of first point:2
7     printf("enter the y coordinate of first point:");
(gdb) n
8     scanf("%f",y1);
(gdb) n
enter the y coordinate of first point:3
9     printf("enter the x coordinate of second point:");
(gdb) n
10    scanf("%f",x2);
(gdb) n
enter the x coordinate of second point:4
11    printf("enter the y coordinate of second point:");
(gdb) n
12    scanf("%f",y2);
(gdb) n
enter the y coordinate of second point:5
13  }
(gdb) n
main () at p1original.c:27
27    find_distance(x1,y1,x2,y2,&area);
(gdb) n
28    output(x1,y1,x2,y2, area);
(gdb) n
29    return 0;
(gdb) c
Continuing.
the distance between points (2.000000,3.000000) and (4.000000,5.000000) is with 2.828427[Inferior 1 (process 2474) exited normally]
(gdb)
